Script started on Tue 30 Aug 2022 11:16:40 AM CDT
[?1034hbash-4.2$ mkdir Directoryu[Ky[K1
bash-4.2$ pwd
/home/u1/cnj0019/COMP3500/Project1
bash-4.2$ ls
commands.script  Directory1
bash-4.2$ vim text.txt
[?1049h[?1h=[2;1Hâ–½[6n[2;1H  [1;1H]11;?[1;79r[?12;25h[?12l[?25h[27m[m[H[2J[?25l[79;1H"text.txt" [New File][>c[27m[m[H[2J[2;1H[94m~                                                                                                                            [3;1H~                                                                                                                            [4;1H~                                                                                                                            [5;1H~                                                                                                                            [6;1H~                                                                                                                            [7;1H~                                                                                                                            [8;1H~                                                                                                                            [9;1H~                                                                                                                            [10;1H~                                                                                                                            [11;1H~                                                                                                                            [12;1H~                                                                                                                            [13;1H~                                                                                                                            [14;1H~                                                                                                                            [15;1H~                                                                                                                            [16;1H~                                                                                                                            [17;1H~                                                                                                                            [18;1H~                                                                                                                            [19;1H~                                                                                                                            [20;1H~                                                                                                                            [21;1H~                                                                                                                            [22;1H~                                                                                                                            [23;1H~                                                                                                                            [24;1H~                                                                                                                            [25;1H~                                                                                                                            [26;1H~                                                                                                                            [27;1H~                                                                                                                            [28;1H~                                                                                                                            [29;1H~                                                                                                                            [30;1H~                                                                                                                            [31;1H~                                                                                                                            [32;1H~                                                                                                                            [33;1H~                                                                                                                            [34;1H~                                                                                                                            [35;1H~                                                                                                                            [36;1H~                                                                                                                            [37;1H~                                                                                                                            [38;1H~                                                                                                                            [39;1H~                                                                                                                            [40;1H~                                                                                                                            [41;1H~                                                                                                                            [42;1H~                                                                                                                            [43;1H~                                                                                                                            [44;1H~                                                                                                                            [45;1H~                                                                                                                            [46;1H~                                                                                                                            [47;1H~                                                                                                                            [48;1H~                                                                                                                            [49;1H~                                                                                                                            [50;1H~                                                                                                                            [51;1H~                                                                                                                            [52;1H~                                                                                                                            [53;1H~                                                                                                                            [54;1H~                                                                                                                            [55;1H~                                                                                                                            [56;1H~                                                                                                                            [57;1H~                                                                                                                            [58;1H~                                                                                                                            [59;1H~                                                                                                                            [60;1H~                                                                                                                            [61;1H~                                                                                                                            [62;1H~                                                                                                                            [63;1H~                                                                                                                            [64;1H~                                                                                                                            [65;1H~                                                                                                                            [66;1H~                                                                                                                            [67;1H~                                                                                                                            [68;1H~                                                                                                                            [69;1H~                                                                                                                            [70;1H~                                                                                                                            [71;1H~                                                                                                                            [72;1H~                                                                                                                            [73;1H~                                                                                                                            [74;1H~                                                                                                                            [75;1H~                                                                                                                            [76;1H~                                                                                                                            [77;1H~                                                                                                                            [78;1H~                                                                                                                            [m[79;108H0,0-1[9CAll"text.txt" [New File][86C     [9C   [1;1H[?12l[?25h[?25l[79;1H[1m-- INSERT --[m[79;13H[K[79;108H0,1[11CAll[1;1H[?12l[?25h[?25li[79;108H1,2[1;2H[?12l[?25h[?25l[1;1H[K[79;110H1[1;1H[?12l[?25h[?25lT[79;110H2[1;2H[?12l[?25h[?25lh[79;110H3[1;3H[?12l[?25h[?25li[79;110H4[1;4H[?12l[?25h[?25ls[79;110H5[1;5H[?12l[?25h[?25l[79;110H6[1;6H[?12l[?25h[?25li[79;110H7[1;7H[?12l[?25h[?25ls[79;110H9[1;9H[?12l[?25h[?25lf[79;110H10[1;10H[?12l[?25h[?25lo[79;111H1[1;11H[?12l[?25h[?25lr[79;111H2[1;12H[?12l[?25h[?25l[79;111H3[1;13H[?12l[?25h[?25lc[79;111H4[1;14H[?12l[?25h[?25lp[79;111H5[1;15H[?12l[?25h[?25l,[79;111H6[1;16H[?12l[?25h[?25l[79;111H7[1;17H[?12l[?25h[?25lm[79;111H8[1;18H[?12l[?25h[?25l[1;17H[K[79;111H7[1;17H[?12l[?25h[?25l[79;111H6[1;16H[?12l[?25h[?25l[1;15H[K[79;111H5[1;15H[?12l[?25h[?25l,[79;111H6[1;16H[?12l[?25h[?25l[79;111H7[1;17H[?12l[?25h[?25lmv[79;111H9[1;19H[?12l[?25h[?25l,[79;110H20[1;20H[?12l[?25h[?25l[79;111H1[1;21H[?12l[?25h[?25lr[79;111H2[1;22H[?12l[?25h[?25lm[79;111H3[1;23H[?12l[?25h[?25l,[79;111H4[1;24H[?12l[?25h[?25l[79;111H5[1;25H[?12l[?25h[?25la[79;111H6[1;26H[?12l[?25h[?25lnd[79;111H8[1;28H[?12l[?25h[?25l[79;111H9[1;29H[?12l[?25h[?25lc[79;110H30[1;30H[?12l[?25h[?25lh[79;111H1[1;31H[?12l[?25h[?25lm[79;111H2[1;32H[?12l[?25h[?25lo[79;111H3[1;33H[?12l[?25h[?25ld[79;111H4[1;34H[?12l[?25h[?25l[79;111H5[1;35H[?12l[?25h[?25lf[79;111H6[1;36H[?12l[?25h[?25lu[79;111H7[1;37H[?12l[?25h[?25ln[79;111H8[1;38H[?12l[?25h[?25lc[79;111H9[1;39H[?12l[?25h[?25lt[79;110H40[1;40H[?12l[?25h[?25li[79;111H1[1;41H[?12l[?25h[?25lo[79;111H2[1;42H[?12l[?25h[?25ln[79;111H3[1;43H[?12l[?25h[?25l[1;42H[K[79;111H2[1;42H[?12l[?25h[?25l[1;41H[K[79;111H1[1;41H[?12l[?25h[?25l[1;40H[K[79;111H0[1;40H[?12l[?25h[?25l[1;39H[K[79;110H39[1;39H[?12l[?25h[?25l[1;38H[K[79;111H8[1;38H[?12l[?25h[?25l[1;37H[K[79;111H7[1;37H[?12l[?25h[?25l[1;36H[K[79;111H6[1;36H[?12l[?25h[?25l[1;35H[K[79;111H5[1;35H[?12l[?25h[?25lco[79;111H7[1;37H[?12l[?25h[?25lm[79;111H8[1;38H[?12l[?25h[?25lm[79;111H9[1;39H[?12l[?25h[?25la[79;110H40[1;40H[?12l[?25h[?25lnd[79;111H2[1;42H[?12l[?25h[?25l[79;111H3[1;43H[?12l[?25h[?25lpr[79;111H5[1;45H[?12l[?25h[?25la[79;111H6[1;46H[?12l[?25h[?25lc[79;111H7[1;47H[?12l[?25h[?25lt[79;111H8[1;48H[?12l[?25h[?25li[79;111H9[1;49H[?12l[?25h[?25lc[79;110H50[1;50H[?12l[?25h[?25le[79;111H1[1;51H[?12l[?25h[?25l.[79;111H2[1;52H[?12l[?25h[79;1H[K[1;51H[?25l[79;108H1,51[10CAll[1;51H[?12l[?25h[?25l[79;108H[K[79;1H:[?12l[?25hw[?25l[?12l[?25hq[?25l[?12l[?25h[?25l"text.txt" [New] 1L, 52C written
[?1l>[?12l[?25h[?1049lbash-4.2$ ls
commands.script  Directory1  text.txt
bash-4.2$ mv text.txt rename.txt
bash-4.2$ ls
commands.script  Directory1  rename.txt
bash-4.2$ cp rename.txt Directory1/[K
bash-4.2$ ls
commands.script  Directory1  rename.txt
bash-4.2$ cd Directory1/[K
bash-4.2$ ls
rename.txt
bash-4.2$ chmod -x [K[Kwx rename.txt
bash-4.2$ ls
rename.txt
bash-4.2$ r m[K[Km re[Kename.txt
rm: remove write-protected regular file â€˜rename.txtâ€™? yes
bash-4.2$ cd -\[K
/home/u1/cnj0019/COMP3500/Project1
bash-4.2$ ls
commands.script  Directory1  rename.txt
bash-4.2$ rm rename.txt
bash-4.2$ ls
commands.script  Directory1
bash-4.2$ clear 
[3;J[H[2Jbash-4.2$ who
cnj0019  pts/0        2022-08-30 08:34 (ettin.eng.auburn.edu)
szh0123  pts/1        2022-08-23 16:25 (:4)
cnj0019  pts/2        2022-08-30 11:16
bash-4.2$ nproc
16
bash-4.2$ g++ --h
Usage: g++ [options] file...
Options:
  -pass-exit-codes         Exit with highest error code from a phase
  --help                   Display this information
  --target-help            Display target specific command line options
  --help={common|optimizers|params|target|warnings|[^]{joined|separate|undocumented}}[,...]
                           Display specific types of command line options
  (Use '-v --help' to display command line options of sub-processes)
  --version                Display compiler version information
  -dumpspecs               Display all of the built in spec strings
  -dumpversion             Display the version of the compiler
  -dumpmachine             Display the compiler's target processor
  -print-search-dirs       Display the directories in the compiler's search path
  -print-libgcc-file-name  Display the name of the compiler's companion library
  -print-file-name=<lib>   Display the full path to library <lib>
  -print-prog-name=<prog>  Display the full path to compiler component <prog>
  -print-multiarch         Display the target's normalized GNU triplet, used as
                           a component in the library path
  -print-multi-directory   Display the root directory for versions of libgcc
  -print-multi-lib         Display the mapping between command line options and
                           multiple library search directories
  -print-multi-os-directory Display the relative path to OS libraries
  -print-sysroot           Display the target libraries directory
  -print-sysroot-headers-suffix Display the sysroot suffix used to find headers
  -Wa,<options>            Pass comma-separated <options> on to the assembler
  -Wp,<options>            Pass comma-separated <options> on to the preprocessor
  -Wl,<options>            Pass comma-separated <options> on to the linker
  -Xassembler <arg>        Pass <arg> on to the assembler
  -Xpreprocessor <arg>     Pass <arg> on to the preprocessor
  -Xlinker <arg>           Pass <arg> on to the linker
  -save-temps              Do not delete intermediate files
  -save-temps=<arg>        Do not delete intermediate files
  -no-canonical-prefixes   Do not canonicalize paths when building relative
                           prefixes to other gcc components
  -pipe                    Use pipes rather than intermediate files
  -time                    Time the execution of each subprocess
  -specs=<file>            Override built-in specs with the contents of <file>
  -std=<standard>          Assume that the input sources are for <standard>
  --sysroot=<directory>    Use <directory> as the root directory for headers
                           and libraries
  -B <directory>           Add <directory> to the compiler's search paths
  -v                       Display the programs invoked by the compiler
  -###                     Like -v but options quoted and commands not executed
  -E                       Preprocess only; do not compile, assemble or link
  -S                       Compile only; do not assemble or link
  -c                       Compile and assemble, but do not link
  -o <file>                Place the output into <file>
  -pie                     Create a position independent executable
  -shared                  Create a shared library
  -x <language>            Specify the language of the following input files
                           Permissible languages include: c c++ assembler none
                           'none' means revert to the default behavior of
                           guessing the language based on the file's extension

Options starting with -g, -f, -m, -O, -W, or --param are automatically
 passed on to the various sub-processes invoked by g++.  In order to pass
 other options on to these processes the -W<letter> options must be used.

For bug reporting instructions, please see:
<http://bugzilla.redhat.com/bugzilla>.
bash-4.2$ g++ -v
Using built-in specs.
COLLECT_GCC=g++
COLLECT_LTO_WRAPPER=/usr/libexec/gcc/x86_64-redhat-linux/4.8.5/lto-wrapper
Target: x86_64-redhat-linux
Configured with: ../configure --prefix=/usr --mandir=/usr/share/man --infodir=/usr/share/info --with-bugurl=http://bugzilla.redhat.com/bugzilla --enable-bootstrap --enable-shared --enable-threads=posix --enable-checking=release --with-system-zlib --enable-__cxa_atexit --disable-libunwind-exceptions --enable-gnu-unique-object --enable-linker-build-id --with-linker-hash-style=gnu --enable-languages=c,c++,objc,obj-c++,java,fortran,ada,go,lto --enable-plugin --enable-initfini-array --disable-libgcj --with-isl=/builddir/build/BUILD/gcc-4.8.5-20150702/obj-x86_64-redhat-linux/isl-install --with-cloog=/builddir/build/BUILD/gcc-4.8.5-20150702/obj-x86_64-redhat-linux/cloog-install --enable-gnu-indirect-function --with-tune=generic --with-arch_32=x86-64 --build=x86_64-redhat-linux
Thread model: posix
gcc version 4.8.5 20150623 (Red Hat 4.8.5-44) (GCC) 
bash-4.2$ ls
commands.script  Directory1
bash-4.2$ rm [Kdir Directory1
bash-4.2$ ls
commands.script
bash-4.2$ exit
exit

Script done on Tue 30 Aug 2022 11:20:38 AM CDT
